OK: 89	+ 9	= 98
OK: 0	+ 9	= 9
OK: 0	+ 0	= 0
OK: 89	+ 0	= 89
OK: -89	+ 12	= -77
OK: 12	+ 12	= 24
OK: -89	+ -98	= -187
