Testing with c = 'A' 	- [OK]
Testing with c = 'o' 	- [OK]
Testing with c = 'l' 	- [OK]
Testing with c = ';' 	- [OK]
Testing with c = 'C' 	- [OK]
Testing with c = 'i' 	- [OK]
Testing with c = 's' 	- [OK]
Testing with c = 'F' 	- [OK]
Testing with c = '9' 	- [OK]
Testing with c = 'M' 	- [OK]
Testing with c = '&' 	- [OK]
Testing with c = 'H' 	- [OK]
